# gzip fixture

gunzip through the shim. gunzip through the shim. gunzip through the shim. gunzip through the shim. gunzip through the shim. gunzip through the shim. gunzip through the shim. gunzip through the shim. gunzip through the shim. gunzip through the shim. gunzip through the shim. gunzip through the shim. gunzip through the shim. gunzip through the shim. gunzip through the shim. gunzip through the shim. gunzip through the shim. gunzip through the shim. gunzip through the shim. gunzip through the shim. gunzip through the shim. gunzip through the shim. gunzip through the shim. gunzip through the shim. gunzip through the shim. gunzip through the shim. gunzip through the shim. gunzip through the shim. gunzip through the shim. gunzip through the shim. 
