deflated member. deflated member. deflated member. deflated member. deflated member. deflated member. deflated member. deflated member. deflated member. deflated member. deflated member. deflated member. deflated member. deflated member. deflated member. deflated member. deflated member. deflated member. deflated member. deflated member. deflated member. deflated member. deflated member. deflated member. deflated member. deflated member. deflated member. deflated member. deflated member. deflated member. deflated member. deflated member. deflated member. deflated member. deflated member. deflated member. deflated member. deflated member. deflated member. deflated member. 
